Initialized native services in: C:\Users\itsal\.gradle\native
Initialized jansi services in: C:\Users\itsal\.gradle\native
Received JVM installation metadata from 'C:\Program Files\Eclipse Adoptium\jdk-21.0.9.10-hotspot': {JAVA_HOME=C:\Program Files\Eclipse Adoptium\jdk-21.0.9.10-hotspot, JAVA_VERSION=21.0.9, JAVA_VENDOR=Eclipse Adoptium, RUNTIME_NAME=OpenJDK Runtime Environment, RUNTIME_VERSION=21.0.9+10-LTS, VM_NAME=OpenJDK 64-Bit Server VM, VM_VERSION=21.0.9+10-LTS, VM_VENDOR=Eclipse Adoptium, OS_ARCH=amd64}
The client will now receive all logging from the daemon (pid: 6660). The daemon log file: C:\Users\itsal\.gradle\daemon\8.10\daemon-6660.out.log
Starting 5th build in daemon [uptime: 2 mins 45.998 secs, performance: 100%, GC rate: 0.01/s, heap usage: 24% of 512 MiB, non-heap usage: 29% of 384 MiB]
Using 12 worker leases.
Now considering [C:\Projects\UpsideDownMod] as hierarchies to watch
Watching the file system is configured to be enabled if available
File system watching is active
Starting Build
Settings evaluated using settings file 'C:\Projects\UpsideDownMod\settings.gradle'.
Projects loaded. Root project using build file 'C:\Projects\UpsideDownMod\build.gradle'.
Included projects: [root project 'upsidedown']

> Configure project :
Evaluating root project 'upsidedown' using build file 'C:\Projects\UpsideDownMod\build.gradle'.
Transforming fabric-loom-1.8-SNAPSHOT.jar (net.fabricmc:fabric-loom:1.8-SNAPSHOT:20241126.112513-13) with InstrumentationAnalysisTransform
Transforming commons-io-2.15.1.jar (commons-io:commons-io:2.15.1) with InstrumentationAnalysisTransform
Transforming gson-2.10.1.jar (com.google.code.gson:gson:2.10.1) with InstrumentationAnalysisTransform
Transforming stitch-0.6.2.jar (net.fabricmc:stitch:0.6.2) with InstrumentationAnalysisTransform
Transforming guava-33.0.0-jre.jar (com.google.guava:guava:33.0.0-jre) with InstrumentationAnalysisTransform
Transforming tiny-remapper-0.10.4.jar (net.fabricmc:tiny-remapper:0.10.4) with InstrumentationAnalysisTransform
Transforming asm-commons-9.7.1.jar (org.ow2.asm:asm-commons:9.7.1) with InstrumentationAnalysisTransform
Transforming asm-util-9.7.1.jar (org.ow2.asm:asm-util:9.7.1) with InstrumentationAnalysisTransform
Transforming asm-analysis-9.7.1.jar (org.ow2.asm:asm-analysis:9.7.1) with InstrumentationAnalysisTransform
Transforming asm-tree-9.7.1.jar (org.ow2.asm:asm-tree:9.7.1) with InstrumentationAnalysisTransform
Transforming asm-9.7.1.jar (org.ow2.asm:asm:9.7.1) with InstrumentationAnalysisTransform
Transforming access-widener-2.1.0.jar (net.fabricmc:access-widener:2.1.0) with InstrumentationAnalysisTransform
Transforming mapping-io-0.6.1.jar (net.fabricmc:mapping-io:0.6.1) with InstrumentationAnalysisTransform
Transforming lorenz-tiny-4.0.2.jar (net.fabricmc:lorenz-tiny:4.0.2) with InstrumentationAnalysisTransform
Transforming fabric-loom-native-0.2.0.jar (net.fabricmc:fabric-loom-native:0.2.0) with InstrumentationAnalysisTransform
Transforming mercury-0.4.2.jar (net.fabricmc:mercury:0.4.2) with InstrumentationAnalysisTransform
Transforming kotlinx-metadata-jvm-0.9.0.jar (org.jetbrains.kotlinx:kotlinx-metadata-jvm:0.9.0) with InstrumentationAnalysisTransform
Transforming failureaccess-1.0.2.jar (com.google.guava:failureaccess:1.0.2) with InstrumentationAnalysisTransform
Transforming listenablefuture-9999.0-empty-to-avoid-conflict-with-guava.jar (com.google.guava:listenablefuture:9999.0-empty-to-avoid-conflict-with-guava) with InstrumentationAnalysisTransform
Transforming jsr305-3.0.2.jar (com.google.code.findbugs:jsr305:3.0.2) with InstrumentationAnalysisTransform
Transforming checker-qual-3.41.0.jar (org.checkerframework:checker-qual:3.41.0) with InstrumentationAnalysisTransform
Transforming error_prone_annotations-2.23.0.jar (com.google.errorprone:error_prone_annotations:2.23.0) with InstrumentationAnalysisTransform
Transforming tiny-mappings-parser-0.3.0+build.17.jar (net.fabricmc:tiny-mappings-parser:0.3.0+build.17) with InstrumentationAnalysisTransform
Transforming at-0.1.0-rc1.jar (org.cadixdev:at:0.1.0-rc1) with InstrumentationAnalysisTransform
Transforming lorenz-0.5.7.jar (org.cadixdev:lorenz:0.5.7) with InstrumentationAnalysisTransform
Transforming bombe-0.3.4.jar (org.cadixdev:bombe:0.3.4) with InstrumentationAnalysisTransform
Transforming fabric-loom-1.8-SNAPSHOT.jar (net.fabricmc:fabric-loom:1.8-SNAPSHOT:20241126.112513-13) with InstrumentationAnalysisTransform
Transforming fabric-loom-1.8-SNAPSHOT.jar (net.fabricmc:fabric-loom:1.8-SNAPSHOT:20241126.112513-13) with MergeInstrumentationAnalysisTransform
Transforming commons-io-2.15.1.jar (commons-io:commons-io:2.15.1) with InstrumentationAnalysisTransform
Transforming commons-io-2.15.1.jar (commons-io:commons-io:2.15.1) with MergeInstrumentationAnalysisTransform
Transforming gson-2.10.1.jar (com.google.code.gson:gson:2.10.1) with InstrumentationAnalysisTransform
Transforming fabric-loom-1.8-SNAPSHOT.jar (net.fabricmc:fabric-loom:1.8-SNAPSHOT:20241126.112513-13) with ExternalDependencyInstrumentingArtifactTransform
Transforming gson-2.10.1.jar (com.google.code.gson:gson:2.10.1) with MergeInstrumentationAnalysisTransform
Transforming commons-io-2.15.1.jar (commons-io:commons-io:2.15.1) with ExternalDependencyInstrumentingArtifactTransform
Transforming stitch-0.6.2.jar (net.fabricmc:stitch:0.6.2) with InstrumentationAnalysisTransform
Transforming stitch-0.6.2.jar (net.fabricmc:stitch:0.6.2) with MergeInstrumentationAnalysisTransform
Transforming gson-2.10.1.jar (com.google.code.gson:gson:2.10.1) with ExternalDependencyInstrumentingArtifactTransform
Transforming guava-33.0.0-jre.jar (com.google.guava:guava:33.0.0-jre) with InstrumentationAnalysisTransform
Transforming guava-33.0.0-jre.jar (com.google.guava:guava:33.0.0-jre) with MergeInstrumentationAnalysisTransform
Transforming tiny-remapper-0.10.4.jar (net.fabricmc:tiny-remapper:0.10.4) with InstrumentationAnalysisTransform
Transforming stitch-0.6.2.jar (net.fabricmc:stitch:0.6.2) with ExternalDependencyInstrumentingArtifactTransform
Transforming tiny-remapper-0.10.4.jar (net.fabricmc:tiny-remapper:0.10.4) with MergeInstrumentationAnalysisTransform
Transforming asm-commons-9.7.1.jar (org.ow2.asm:asm-commons:9.7.1) with InstrumentationAnalysisTransform
Transforming guava-33.0.0-jre.jar (com.google.guava:guava:33.0.0-jre) with ExternalDependencyInstrumentingArtifactTransform
Transforming asm-commons-9.7.1.jar (org.ow2.asm:asm-commons:9.7.1) with MergeInstrumentationAnalysisTransform
Transforming tiny-remapper-0.10.4.jar (net.fabricmc:tiny-remapper:0.10.4) with ExternalDependencyInstrumentingArtifactTransform
Transforming asm-util-9.7.1.jar (org.ow2.asm:asm-util:9.7.1) with InstrumentationAnalysisTransform
Transforming asm-util-9.7.1.jar (org.ow2.asm:asm-util:9.7.1) with MergeInstrumentationAnalysisTransform
Transforming asm-analysis-9.7.1.jar (org.ow2.asm:asm-analysis:9.7.1) with InstrumentationAnalysisTransform
Transforming asm-commons-9.7.1.jar (org.ow2.asm:asm-commons:9.7.1) with ExternalDependencyInstrumentingArtifactTransform
Transforming asm-analysis-9.7.1.jar (org.ow2.asm:asm-analysis:9.7.1) with MergeInstrumentationAnalysisTransform
Transforming asm-tree-9.7.1.jar (org.ow2.asm:asm-tree:9.7.1) with InstrumentationAnalysisTransform
Transforming asm-util-9.7.1.jar (org.ow2.asm:asm-util:9.7.1) with ExternalDependencyInstrumentingArtifactTransform
Transforming asm-tree-9.7.1.jar (org.ow2.asm:asm-tree:9.7.1) with MergeInstrumentationAnalysisTransform
Transforming asm-analysis-9.7.1.jar (org.ow2.asm:asm-analysis:9.7.1) with ExternalDependencyInstrumentingArtifactTransform
Transforming asm-9.7.1.jar (org.ow2.asm:asm:9.7.1) with InstrumentationAnalysisTransform
Transforming asm-9.7.1.jar (org.ow2.asm:asm:9.7.1) with MergeInstrumentationAnalysisTransform
Transforming access-widener-2.1.0.jar (net.fabricmc:access-widener:2.1.0) with InstrumentationAnalysisTransform
Transforming asm-tree-9.7.1.jar (org.ow2.asm:asm-tree:9.7.1) with ExternalDependencyInstrumentingArtifactTransform
Transforming access-widener-2.1.0.jar (net.fabricmc:access-widener:2.1.0) with MergeInstrumentationAnalysisTransform
Transforming mapping-io-0.6.1.jar (net.fabricmc:mapping-io:0.6.1) with InstrumentationAnalysisTransform
Transforming asm-9.7.1.jar (org.ow2.asm:asm:9.7.1) with ExternalDependencyInstrumentingArtifactTransform
Transforming mapping-io-0.6.1.jar (net.fabricmc:mapping-io:0.6.1) with MergeInstrumentationAnalysisTransform
Transforming lorenz-tiny-4.0.2.jar (net.fabricmc:lorenz-tiny:4.0.2) with InstrumentationAnalysisTransform
Transforming access-widener-2.1.0.jar (net.fabricmc:access-widener:2.1.0) with ExternalDependencyInstrumentingArtifactTransform
Transforming lorenz-tiny-4.0.2.jar (net.fabricmc:lorenz-tiny:4.0.2) with MergeInstrumentationAnalysisTransform
Transforming fabric-loom-native-0.2.0.jar (net.fabricmc:fabric-loom-native:0.2.0) with InstrumentationAnalysisTransform
Transforming fabric-loom-native-0.2.0.jar (net.fabricmc:fabric-loom-native:0.2.0) with MergeInstrumentationAnalysisTransform
Transforming mercury-0.4.2.jar (net.fabricmc:mercury:0.4.2) with InstrumentationAnalysisTransform
Transforming mapping-io-0.6.1.jar (net.fabricmc:mapping-io:0.6.1) with ExternalDependencyInstrumentingArtifactTransform
Transforming mercury-0.4.2.jar (net.fabricmc:mercury:0.4.2) with MergeInstrumentationAnalysisTransform
Transforming kotlinx-metadata-jvm-0.9.0.jar (org.jetbrains.kotlinx:kotlinx-metadata-jvm:0.9.0) with InstrumentationAnalysisTransform
Transforming lorenz-tiny-4.0.2.jar (net.fabricmc:lorenz-tiny:4.0.2) with ExternalDependencyInstrumentingArtifactTransform
Transforming kotlinx-metadata-jvm-0.9.0.jar (org.jetbrains.kotlinx:kotlinx-metadata-jvm:0.9.0) with MergeInstrumentationAnalysisTransform
Transforming fabric-loom-native-0.2.0.jar (net.fabricmc:fabric-loom-native:0.2.0) with ExternalDependencyInstrumentingArtifactTransform
Transforming failureaccess-1.0.2.jar (com.google.guava:failureaccess:1.0.2) with InstrumentationAnalysisTransform
Transforming mercury-0.4.2.jar (net.fabricmc:mercury:0.4.2) with ExternalDependencyInstrumentingArtifactTransform
Transforming kotlinx-metadata-jvm-0.9.0.jar (org.jetbrains.kotlinx:kotlinx-metadata-jvm:0.9.0) with ExternalDependencyInstrumentingArtifactTransform
Transforming failureaccess-1.0.2.jar (com.google.guava:failureaccess:1.0.2) with MergeInstrumentationAnalysisTransform
Transforming listenablefuture-9999.0-empty-to-avoid-conflict-with-guava.jar (com.google.guava:listenablefuture:9999.0-empty-to-avoid-conflict-with-guava) with InstrumentationAnalysisTransform
Transforming listenablefuture-9999.0-empty-to-avoid-conflict-with-guava.jar (com.google.guava:listenablefuture:9999.0-empty-to-avoid-conflict-with-guava) with MergeInstrumentationAnalysisTransform
Transforming jsr305-3.0.2.jar (com.google.code.findbugs:jsr305:3.0.2) with InstrumentationAnalysisTransform
Transforming failureaccess-1.0.2.jar (com.google.guava:failureaccess:1.0.2) with ExternalDependencyInstrumentingArtifactTransform
Transforming jsr305-3.0.2.jar (com.google.code.findbugs:jsr305:3.0.2) with MergeInstrumentationAnalysisTransform
Transforming checker-qual-3.41.0.jar (org.checkerframework:checker-qual:3.41.0) with InstrumentationAnalysisTransform
Transforming listenablefuture-9999.0-empty-to-avoid-conflict-with-guava.jar (com.google.guava:listenablefuture:9999.0-empty-to-avoid-conflict-with-guava) with ExternalDependencyInstrumentingArtifactTransform
Transforming checker-qual-3.41.0.jar (org.checkerframework:checker-qual:3.41.0) with MergeInstrumentationAnalysisTransform
Transforming jsr305-3.0.2.jar (com.google.code.findbugs:jsr305:3.0.2) with ExternalDependencyInstrumentingArtifactTransform
Transforming error_prone_annotations-2.23.0.jar (com.google.errorprone:error_prone_annotations:2.23.0) with InstrumentationAnalysisTransform
Transforming error_prone_annotations-2.23.0.jar (com.google.errorprone:error_prone_annotations:2.23.0) with MergeInstrumentationAnalysisTransform
Transforming tiny-mappings-parser-0.3.0+build.17.jar (net.fabricmc:tiny-mappings-parser:0.3.0+build.17) with InstrumentationAnalysisTransform
Transforming tiny-mappings-parser-0.3.0+build.17.jar (net.fabricmc:tiny-mappings-parser:0.3.0+build.17) with MergeInstrumentationAnalysisTransform
Transforming checker-qual-3.41.0.jar (org.checkerframework:checker-qual:3.41.0) with ExternalDependencyInstrumentingArtifactTransform
Transforming at-0.1.0-rc1.jar (org.cadixdev:at:0.1.0-rc1) with InstrumentationAnalysisTransform
Transforming error_prone_annotations-2.23.0.jar (com.google.errorprone:error_prone_annotations:2.23.0) with ExternalDependencyInstrumentingArtifactTransform
Transforming at-0.1.0-rc1.jar (org.cadixdev:at:0.1.0-rc1) with MergeInstrumentationAnalysisTransform
Transforming lorenz-0.5.7.jar (org.cadixdev:lorenz:0.5.7) with InstrumentationAnalysisTransform
Transforming tiny-mappings-parser-0.3.0+build.17.jar (net.fabricmc:tiny-mappings-parser:0.3.0+build.17) with ExternalDependencyInstrumentingArtifactTransform
Transforming lorenz-0.5.7.jar (org.cadixdev:lorenz:0.5.7) with MergeInstrumentationAnalysisTransform
Transforming bombe-0.3.4.jar (org.cadixdev:bombe:0.3.4) with InstrumentationAnalysisTransform
Transforming bombe-0.3.4.jar (org.cadixdev:bombe:0.3.4) with MergeInstrumentationAnalysisTransform
Transforming at-0.1.0-rc1.jar (org.cadixdev:at:0.1.0-rc1) with ExternalDependencyInstrumentingArtifactTransform
Transforming lorenz-0.5.7.jar (org.cadixdev:lorenz:0.5.7) with ExternalDependencyInstrumentingArtifactTransform
Transforming bombe-0.3.4.jar (org.cadixdev:bombe:0.3.4) with ExternalDependencyInstrumentingArtifactTransform
Fabric Loom: 1.8.13
(kotlinx.metadata.jvm.KotlinClassMetadata) with version (0.9.0-1.9.21-40) was loaded from (/C:/Users/itsal/.gradle/caches/modules-2/files-2.1/org.jetbrains.kotlinx/kotlinx-metadata-jvm/0.9.0/123e86fd82d3a49afd0a41df1288a40c969f11b2/kotlinx-metadata-jvm-0.9.0.jar)
(org.objectweb.asm.ClassVisitor) with version (9.7.1) was loaded from (/C:/Users/itsal/.gradle/caches/modules-2/files-2.1/org.ow2.asm/asm/9.7.1/f0ed132a49244b042cd0e15702ab9f2ce3cc8436/asm-9.7.1.jar)
(org.objectweb.asm.tree.analysis.Analyzer) with version (9.7.1) was loaded from (/C:/Users/itsal/.gradle/caches/modules-2/files-2.1/org.ow2.asm/asm-analysis/9.7.1/f97a3b319f0ed6a8cd944dc79060d3912a28985f/asm-analysis-9.7.1.jar)
(org.objectweb.asm.commons.ClassRemapper) with version (9.7.1) was loaded from (/C:/Users/itsal/.gradle/caches/modules-2/files-2.1/org.ow2.asm/asm-commons/9.7.1/406c6a2225cfe1819f102a161e54cc16a5c24f75/asm-commons-9.7.1.jar)
(org.objectweb.asm.tree.ClassNode) with version (9.7.1) was loaded from (/C:/Users/itsal/.gradle/caches/modules-2/files-2.1/org.ow2.asm/asm-tree/9.7.1/3a53139787663b139de76b627fca0084ab60d32c/asm-tree-9.7.1.jar)
(org.objectweb.asm.util.ASMifier) with version (9.7.1) was loaded from (/C:/Users/itsal/.gradle/caches/modules-2/files-2.1/org.ow2.asm/asm-util/9.7.1/9e23359b598ec6b74b23e53110dd5c577adf2243/asm-util-9.7.1.jar)
(com.google.gson.Gson) with version (null) was loaded from (/C:/Users/itsal/.gradle/caches/modules-2/files-2.1/com.google.code.gson/gson/2.10.1/b3add478d4382b78ea20b1671390a858002feb6c/gson-2.10.1.jar)
(com.google.common.base.Preconditions) with version (null) was loaded from (/C:/Users/itsal/.gradle/caches/modules-2/files-2.1/com.google.guava/guava/33.0.0-jre/161ba27964a62f241533807a46b8711b13c1d94b/guava-33.0.0-jre.jar)
(org.apache.commons.io.FileUtils) with version (2.15.1) was loaded from (/C:/Users/itsal/.gradle/caches/modules-2/files-2.1/commons-io/commons-io/2.15.1/f11560da189ab563a5c8e351941415430e9304ea/commons-io-2.15.1.jar)
:setting up loom dependencies
Applying installer data from C:\Users\itsal\.gradle\caches\modules-2\files-2.1\net.fabricmc\fabric-loader\0.16.9\7eaa23079ac1569963e488054db124c7eb984f05\fabric-loader-0.16.9.jar
Found another installer JSON in (C:\Users\itsal\.gradle\caches\modules-2\files-2.1\net.fabricmc\fabric-loader\0.16.9\7eaa23079ac1569963e488054db124c7eb984f05\fabric-loader-0.16.9.jar), ignoring
Could not find refmap definition, will be using default name: upsidedown-refmap.json
Could not find refmap definition, will be using default name: upsidedown-refmap.json
Configuring compiler arguments for Java
Adding mixin to classpath of AP config: clientAnnotationProcessor
Adding mixin to classpath of AP config: annotationProcessor
Adding mixin to classpath of AP config: testAnnotationProcessor
Could not find refmap definition, will be using default name: upsidedown-refmap.json
All projects evaluated.
Task name matched 'build'
Selected primary task 'build' from project :
file or directory 'C:\Projects\UpsideDownMod\src\client\resources', not found
Could not find refmap definition, will be using default name: upsidedown-refmap.json
file or directory 'C:\Projects\UpsideDownMod\src\test\resources', not found
file or directory 'C:\Projects\UpsideDownMod\src\client\resources', not found
Could not find refmap definition, will be using default name: upsidedown-refmap.json
file or directory 'C:\Projects\UpsideDownMod\src\test\resources', not found
Tasks to be executed: [task ':compileJava', task ':processResources', task ':classes', task ':compileClientJava', task ':processClientResources', task ':jar', task ':clientClasses', task ':compileTestJava', task ':processIncludeJars', task ':remapJar', task ':sourcesJar', task ':remapSourcesJar', task ':assemble', task ':processTestResources', task ':testClasses', task ':test', task ':validateAccessWidener', task ':check', task ':build']
Tasks that were excluded: []
Resolve mutations for :compileJava (Thread[#344,Execution worker,5,main]) started.
:compileJava (Thread[#344,Execution worker,5,main]) started.

> Task :compileJava FAILED
Caching disabled for task ':compileJava' because:
  Build cache is disabled
Task ':compileJava' is not up-to-date because:
  Task has failed previously.
The input changes require a full rebuild for incremental task ':compileJava'.
Compilation mode: in-process compilation
Full recompilation is required because no incremental change information is available. This is usually caused by clean builds or changing compiler arguments.
Compiling with toolchain 'C:\Program Files\Eclipse Adoptium\jdk-21.0.9.10-hotspot'.
Compiling with JDK Java compiler API.
1 actionable task: 1 executed
Watched directory hierarchies: [C:\Projects\UpsideDownMod]
